[www.lapa.ninja/tag/spotify/index.html]
[backblue.gif]
[fade.gif]
[index.html]
[cdn.lapa.ninja/assets/og-lapa/og-category.jpg]
[www.lapa.ninja/favicon-32x32.png]
[www.lapa.ninja/favicon-16x16.png]
[www.lapa.ninja/apple-touch-icon.png]
[www.lapa.ninja/cdn-cgi/scripts/7d0fa10a/cloudflare-static/rocket-loader.min.js]
[www.lapa.ninja/tag/spotify/index.xml]
[www.lapa.ninja/tag/spotify/[PremiumFlow] Premium logic handled by member.6.delayed]
[cdn4.buysellads.net/pub/lapaninjad41d.js]
[pagead2.googlesyndication.com/pagead/js/f71b3.txt]
[www.lapa.ninja/css/premium2f38.css]
[cdn.lapa.ninja/assets/favicon/webflow-fav.png]
[cdn.lapa.ninja/assets/banner/mobbin-post.png]
[cdn.lapa.ninja/assets/favicon/framer-fav.png]
[cdn.lapa.ninja/assets/favicon/spotify.png]
[www.lapa.ninja/cdn-cgi/scripts/5c5dd728/cloudflare-static/email-decode.min.js]
[cdn.jsdelivr.net/ghost/signup-form@_0.2/umd/signup-form.min.js]
[www.lapa.ninja/js/main2f38.js]
[pagead2.googlesyndication.com/pagead/js/f.txt]
[www.lapa.ninja/js/promoted-slider2f38.js]
[m.servedby-buysellads.com/monetization.js]
[www.lapa.ninja/js/auth2f38.js]
[clerk.lapa.ninja/npm/@clerk/clerk-js@5.102.1/dist/clerk.browser.js]
[www.lapa.ninja/js/member2f38.js]
[www.lapa.ninja/tag/spotify/index.html]
[www.lapa.ninja/apple-touch-icon.html]
[www.lapa.ninja/tag/spotify/[PremiumFlow] Premium logic handled by member.html]
[www.googletagmanager.com/gtm5445.html]
[www.lapa.ninja/css/premium2f38.css]
[www.lapa.ninja/js/logout2f38.js]
